13:54:52 INFO     [DataFeed] Back‑filled NSE:RELIANCE-EQ: 375 bars
13:54:52 INFO     [DataFeed] Back‑filled NSE:TCS-EQ: 375 bars
13:54:53 INFO     [websocket] Websocket connected
13:54:54 INFO     [DataFeed] WebSocket connected
13:54:55 DEBUG    [VWAPCalc] 2025-04-14  VWAP=1246.20  SD=0.0000
13:54:55 DEBUG    [VWAPCalc] 2025-04-14  VWAP=1246.11  SD=0.2699
13:54:55 DEBUG    [VWAPCalc] 2025-04-14  VWAP=1245.99  SD=0.5207
13:54:55 DEBUG    [VWAPCalc] 2025-04-14  VWAP=1245.81  SD=0.8926
13:54:55 DEBUG    [VWAPCalc] 2025-04-14  VWAP=1245.67  SD=1.0651
13:54:55 DEBUG    [VWAPCalc] 2025-04-15  VWAP=1243.33  SD=0.0000
13:54:55 DEBUG    [VWAPCalc] 2025-04-15  VWAP=1243.36  SD=0.0332
13:54:55 DEBUG    [VWAPCalc] 2025-04-15  VWAP=1243.70  SD=0.3826
13:54:55 DEBUG    [VWAPCalc] 2025-04-15  VWAP=1243.76  SD=0.3896
13:54:55 DEBUG    [VWAPCalc] 2025-04-15  VWAP=1243.83  SD=0.3791
13:54:55 DEBUG    [VWAPCalc] 2025-04-15  VWAP=1243.84  SD=0.3595
13:54:55 DEBUG    [VWAPCalc] 2025-04-15  VWAP=1244.04  SD=0.5599
13:54:55 DEBUG    [VWAPCalc] 2025-04-15  VWAP=1244.40  SD=0.9835
13:54:55 DEBUG    [VWAPCalc] 2025-04-15  VWAP=1244.49  SD=1.0106
13:54:55 DEBUG    [VWAPCalc] 2025-04-15  VWAP=1244.49  SD=0.9857
13:54:55 DEBUG    [VWAPCalc] 2025-04-15  VWAP=1244.41  SD=1.0079
13:54:55 DEBUG    [VWAPCalc] 2025-04-15  VWAP=1244.30  SD=1.0903
13:54:55 DEBUG    [VWAPCalc] 2025-04-15  VWAP=1244.24  SD=1.1166
13:54:55 DEBUG    [VWAPCalc] 2025-04-15  VWAP=1244.17  SD=1.1388
13:54:55 DEBUG    [VWAPCalc] 2025-04-15  VWAP=1244.11  SD=1.1775
13:54:55 DEBUG    [VWAPCalc] 2025-04-15  VWAP=1243.93  SD=1.3652
13:54:55 DEBUG    [VWAPCalc] 2025-04-15  VWAP=1243.84  SD=1.4116
13:54:55 INFO     [FyersREST] REST /place_order resp: {'code': -50, 'message': 'Invalid input', 's': 'error'}
13:54:55 INFO     [Strategy] NSE:RELIANCE-EQ SELL sent  qty=1432  entry=1240.60  SL=1244.09
13:54:55 DEBUG    [VWAPCalc] 2025-04-15  VWAP=1243.78  SD=1.4215
13:54:55 DEBUG    [VWAPCalc] 2025-04-15  VWAP=1243.75  SD=1.4204
13:54:55 DEBUG    [VWAPCalc] 2025-04-15  VWAP=1243.70  SD=1.4313
13:54:55 DEBUG    [VWAPCalc] 2025-04-15  VWAP=1243.55  SD=1.5746
13:54:55 DEBUG    [VWAPCalc] 2025-04-15  VWAP=1243.45  SD=1.6563
13:54:56 INFO     [FyersREST] REST /place_order resp: {'code': -50, 'message': 'Invalid input', 's': 'error'}
13:54:56 INFO     [Strategy] NSE:RELIANCE-EQ SELL sent  qty=1283  entry=1239.80  SL=1243.70
13:54:56 DEBUG    [VWAPCalc] 2025-04-15  VWAP=1243.35  SD=1.7423
13:54:56 DEBUG    [VWAPCalc] 2025-04-15  VWAP=1243.22  SD=1.8743
13:54:56 DEBUG    [VWAPCalc] 2025-04-15  VWAP=1243.13  SD=1.9259
13:54:56 DEBUG    [VWAPCalc] 2025-04-15  VWAP=1243.02  SD=1.9925
13:54:56 DEBUG    [VWAPCalc] 2025-04-15  VWAP=1242.90  SD=2.0704
13:54:56 DEBUG    [VWAPCalc] 2025-04-15  VWAP=1242.84  SD=2.1101
13:54:56 DEBUG    [VWAPCalc] 2025-04-15  VWAP=1242.76  SD=2.1658
13:54:56 DEBUG    [VWAPCalc] 2025-04-15  VWAP=1242.69  SD=2.2180
13:54:56 DEBUG    [VWAPCalc] 2025-04-15  VWAP=1242.61  SD=2.2566
13:54:56 DEBUG    [VWAPCalc] 2025-04-15  VWAP=1242.56  SD=2.2703
13:54:56 DEBUG    [VWAPCalc] 2025-04-15  VWAP=1242.52  SD=2.2763
13:54:56 DEBUG    [VWAPCalc] 2025-04-15  VWAP=1242.47  SD=2.3005
13:54:56 DEBUG    [VWAPCalc] 2025-04-15  VWAP=1242.22  SD=2.4478
13:54:56 DEBUG    [VWAPCalc] 2025-04-15  VWAP=1242.14  SD=2.4826
13:54:56 DEBUG    [VWAPCalc] 2025-04-15  VWAP=1242.08  SD=2.5096
13:54:56 DEBUG    [VWAPCalc] 2025-04-15  VWAP=1242.04  SD=2.5279
13:54:56 DEBUG    [VWAPCalc] 2025-04-15  VWAP=1242.00  SD=2.5182
13:54:56 DEBUG    [VWAPCalc] 2025-04-15  VWAP=1241.96  SD=2.5124
13:54:56 DEBUG    [VWAPCalc] 2025-04-15  VWAP=1241.94  SD=2.5094
13:54:56 DEBUG    [VWAPCalc] 2025-04-15  VWAP=1241.92  SD=2.5032
13:54:56 DEBUG    [VWAPCalc] 2025-04-15  VWAP=1241.90  SD=2.4950
13:54:56 DEBUG    [VWAPCalc] 2025-04-15  VWAP=1241.89  SD=2.4829
13:54:56 DEBUG    [VWAPCalc] 2025-04-15  VWAP=1241.87  SD=2.4760
13:54:56 DEBUG    [VWAPCalc] 2025-04-15  VWAP=1241.84  SD=2.4776
13:54:56 DEBUG    [VWAPCalc] 2025-04-15  VWAP=1241.81  SD=2.4759
13:54:56 DEBUG    [VWAPCalc] 2025-04-15  VWAP=1241.79  SD=2.4740
13:54:56 DEBUG    [VWAPCalc] 2025-04-15  VWAP=1241.78  SD=2.4727
13:54:56 DEBUG    [VWAPCalc] 2025-04-15  VWAP=1241.75  SD=2.4740
13:54:56 DEBUG    [VWAPCalc] 2025-04-15  VWAP=1241.72  SD=2.4802
13:54:56 DEBUG    [VWAPCalc] 2025-04-15  VWAP=1241.71  SD=2.4821
13:54:56 DEBUG    [VWAPCalc] 2025-04-15  VWAP=1241.67  SD=2.4846
13:54:56 DEBUG    [VWAPCalc] 2025-04-15  VWAP=1241.65  SD=2.4803
13:54:56 DEBUG    [VWAPCalc] 2025-04-15  VWAP=1241.63  SD=2.4541
13:54:56 DEBUG    [VWAPCalc] 2025-04-15  VWAP=1241.62  SD=2.4401
13:54:56 DEBUG    [VWAPCalc] 2025-04-15  VWAP=1241.63  SD=2.4208
13:54:56 DEBUG    [VWAPCalc] 2025-04-15  VWAP=1241.65  SD=2.4049
13:54:56 DEBUG    [VWAPCalc] 2025-04-15  VWAP=1241.67  SD=2.3596
13:54:56 DEBUG    [VWAPCalc] 2025-04-15  VWAP=1241.69  SD=2.3429
13:54:56 DEBUG    [VWAPCalc] 2025-04-15  VWAP=1241.71  SD=2.3228
13:54:56 DEBUG    [VWAPCalc] 2025-04-15  VWAP=1241.74  SD=2.3157
13:54:56 DEBUG    [VWAPCalc] 2025-04-15  VWAP=1241.77  SD=2.2986
13:54:56 DEBUG    [VWAPCalc] 2025-04-15  VWAP=1241.78  SD=2.2849
13:54:56 DEBUG    [VWAPCalc] 2025-04-15  VWAP=1241.79  SD=2.2758
13:54:56 DEBUG    [VWAPCalc] 2025-04-15  VWAP=1241.81  SD=2.2617
13:54:56 DEBUG    [VWAPCalc] 2025-04-15  VWAP=1241.82  SD=2.2502
13:54:56 DEBUG    [VWAPCalc] 2025-04-15  VWAP=1241.84  SD=2.2388
13:54:56 DEBUG    [VWAPCalc] 2025-04-15  VWAP=1241.86  SD=2.2104
13:54:56 DEBUG    [VWAPCalc] 2025-04-15  VWAP=1241.86  SD=2.1966
13:54:56 DEBUG    [VWAPCalc] 2025-04-15  VWAP=1241.87  SD=2.1855
13:54:56 DEBUG    [VWAPCalc] 2025-04-15  VWAP=1241.89  SD=2.1781
13:54:56 DEBUG    [VWAPCalc] 2025-04-15  VWAP=1241.89  SD=2.1506
13:54:56 DEBUG    [VWAPCalc] 2025-04-15  VWAP=1241.87  SD=2.1317
13:54:56 DEBUG    [VWAPCalc] 2025-04-15  VWAP=1241.86  SD=2.0926
13:54:56 DEBUG    [VWAPCalc] 2025-04-15  VWAP=1241.86  SD=2.0856
13:54:56 DEBUG    [VWAPCalc] 2025-04-15  VWAP=1241.86  SD=2.0751
13:54:56 DEBUG    [VWAPCalc] 2025-04-15  VWAP=1241.86  SD=2.0544
13:54:56 DEBUG    [VWAPCalc] 2025-04-15  VWAP=1241.86  SD=2.0485
13:54:56 DEBUG    [VWAPCalc] 2025-04-15  VWAP=1241.87  SD=2.0419
13:54:56 DEBUG    [VWAPCalc] 2025-04-15  VWAP=1241.87  SD=2.0306
13:54:56 DEBUG    [VWAPCalc] 2025-04-15  VWAP=1241.89  SD=2.0226
13:54:56 DEBUG    [VWAPCalc] 2025-04-15  VWAP=1241.90  SD=2.0113
13:54:56 DEBUG    [VWAPCalc] 2025-04-15  VWAP=1241.91  SD=1.9956
13:54:56 DEBUG    [VWAPCalc] 2025-04-15  VWAP=1241.91  SD=1.9871
13:54:56 DEBUG    [VWAPCalc] 2025-04-15  VWAP=1241.92  SD=1.9750
13:54:56 DEBUG    [VWAPCalc] 2025-04-15  VWAP=1241.93  SD=1.9606
13:54:56 DEBUG    [VWAPCalc] 2025-04-15  VWAP=1241.94  SD=1.9506
13:54:56 DEBUG    [VWAPCalc] 2025-04-15  VWAP=1241.95  SD=1.9383
13:54:56 DEBUG    [VWAPCalc] 2025-04-15  VWAP=1241.95  SD=1.9223
13:54:56 DEBUG    [VWAPCalc] 2025-04-15  VWAP=1241.95  SD=1.9134
13:54:56 DEBUG    [VWAPCalc] 2025-04-15  VWAP=1241.96  SD=1.9043
13:54:56 DEBUG    [VWAPCalc] 2025-04-15  VWAP=1241.97  SD=1.8971
13:54:56 DEBUG    [VWAPCalc] 2025-04-15  VWAP=1241.98  SD=1.8854
13:54:56 DEBUG    [VWAPCalc] 2025-04-15  VWAP=1242.01  SD=1.8762
13:54:56 DEBUG    [VWAPCalc] 2025-04-15  VWAP=1242.02  SD=1.8585
13:54:56 DEBUG    [VWAPCalc] 2025-04-15  VWAP=1242.03  SD=1.8466
13:54:56 DEBUG    [VWAPCalc] 2025-04-15  VWAP=1242.04  SD=1.8373
13:54:56 DEBUG    [VWAPCalc] 2025-04-15  VWAP=1242.05  SD=1.8154
13:54:56 DEBUG    [VWAPCalc] 2025-04-15  VWAP=1242.05  SD=1.8061
13:54:56 DEBUG    [VWAPCalc] 2025-04-15  VWAP=1242.04  SD=1.7976
13:54:56 DEBUG    [VWAPCalc] 2025-04-15  VWAP=1242.02  SD=1.7839
13:54:56 DEBUG    [VWAPCalc] 2025-04-15  VWAP=1242.01  SD=1.7790
13:54:56 DEBUG    [VWAPCalc] 2025-04-15  VWAP=1241.97  SD=1.7930
13:54:56 DEBUG    [VWAPCalc] 2025-04-15  VWAP=1241.94  SD=1.8034
13:54:56 DEBUG    [VWAPCalc] 2025-04-15  VWAP=1241.92  SD=1.8066
13:54:56 DEBUG    [VWAPCalc] 2025-04-15  VWAP=1241.91  SD=1.8082
13:54:56 DEBUG    [VWAPCalc] 2025-04-15  VWAP=1241.89  SD=1.8060
13:54:56 DEBUG    [VWAPCalc] 2025-04-15  VWAP=1241.86  SD=1.8065
13:54:56 DEBUG    [VWAPCalc] 2025-04-15  VWAP=1241.82  SD=1.8141
13:54:56 DEBUG    [VWAPCalc] 2025-04-15  VWAP=1241.74  SD=1.8044
13:54:56 DEBUG    [VWAPCalc] 2025-04-15  VWAP=1241.67  SD=1.8007
13:54:56 DEBUG    [VWAPCalc] 2025-04-15  VWAP=1241.61  SD=1.7758
13:54:56 DEBUG    [VWAPCalc] 2025-04-15  VWAP=1241.54  SD=1.7581
13:54:56 DEBUG    [VWAPCalc] 2025-04-15  VWAP=1241.46  SD=1.7654
13:54:56 DEBUG    [VWAPCalc] 2025-04-15  VWAP=1241.36  SD=1.7801
13:54:56 DEBUG    [VWAPCalc] 2025-04-15  VWAP=1241.31  SD=1.7693
13:54:56 DEBUG    [VWAPCalc] 2025-04-15  VWAP=1241.28  SD=1.7308
13:54:56 DEBUG    [VWAPCalc] 2025-04-15  VWAP=1241.27  SD=1.6938
13:54:56 DEBUG    [VWAPCalc] 2025-04-15  VWAP=1241.24  SD=1.6868
13:54:56 DEBUG    [VWAPCalc] 2025-04-15  VWAP=1241.06  SD=2.0009
13:54:56 DEBUG    [VWAPCalc] 2025-04-15  VWAP=1241.00  SD=2.1018
13:54:56 DEBUG    [VWAPCalc] 2025-04-15  VWAP=1240.93  SD=2.1928
13:54:56 DEBUG    [VWAPCalc] 2025-04-15  VWAP=1240.83  SD=2.3344
13:54:56 DEBUG    [VWAPCalc] 2025-04-15  VWAP=1240.77  SD=2.4196
13:54:56 DEBUG    [VWAPCalc] 2025-04-16  VWAP=1233.57  SD=0.0000
13:54:56 DEBUG    [VWAPCalc] 2025-04-16  VWAP=1232.72  SD=1.0023
13:54:56 DEBUG    [VWAPCalc] 2025-04-16  VWAP=1232.56  SD=0.9638
13:54:56 DEBUG    [VWAPCalc] 2025-04-16  VWAP=1232.48  SD=0.9072
13:54:56 DEBUG    [VWAPCalc] 2025-04-16  VWAP=1232.45  SD=0.8584
13:54:56 DEBUG    [VWAPCalc] 2025-04-16  VWAP=1232.44  SD=0.8154
13:54:56 DEBUG    [VWAPCalc] 2025-04-16  VWAP=1232.37  SD=0.8117
13:54:56 DEBUG    [VWAPCalc] 2025-04-16  VWAP=1232.35  SD=0.7922
13:54:56 DEBUG    [VWAPCalc] 2025-04-16  VWAP=1232.34  SD=0.7660
13:54:56 DEBUG    [VWAPCalc] 2025-04-16  VWAP=1232.33  SD=0.7380
13:54:56 DEBUG    [VWAPCalc] 2025-04-16  VWAP=1232.31  SD=0.7128
13:54:56 DEBUG    [VWAPCalc] 2025-04-16  VWAP=1232.32  SD=0.6991
13:54:56 DEBUG    [VWAPCalc] 2025-04-16  VWAP=1232.32  SD=0.6445
13:54:56 DEBUG    [VWAPCalc] 2025-04-16  VWAP=1232.42  SD=0.7220
13:54:56 DEBUG    [VWAPCalc] 2025-04-16  VWAP=1232.52  SD=0.8240
13:54:56 DEBUG    [VWAPCalc] 2025-04-16  VWAP=1232.58  SD=0.8321
13:54:56 DEBUG    [VWAPCalc] 2025-04-16  VWAP=1232.62  SD=0.8148
13:54:56 DEBUG    [VWAPCalc] 2025-04-16  VWAP=1232.68  SD=0.7870
13:54:56 DEBUG    [VWAPCalc] 2025-04-16  VWAP=1232.69  SD=0.7762
13:54:56 DEBUG    [VWAPCalc] 2025-04-16  VWAP=1232.73  SD=0.7838
13:54:56 DEBUG    [VWAPCalc] 2025-04-16  VWAP=1232.84  SD=0.8694
13:54:56 DEBUG    [VWAPCalc] 2025-04-16  VWAP=1232.92  SD=0.9013
13:54:56 DEBUG    [VWAPCalc] 2025-04-16  VWAP=1232.94  SD=0.8763
13:54:56 DEBUG    [VWAPCalc] 2025-04-16  VWAP=1232.89  SD=0.8765
13:54:56 DEBUG    [VWAPCalc] 2025-04-16  VWAP=1232.87  SD=0.8792
13:54:56 DEBUG    [VWAPCalc] 2025-04-16  VWAP=1232.76  SD=0.9195
13:54:56 DEBUG    [VWAPCalc] 2025-04-16  VWAP=1232.69  SD=0.9771
13:54:56 DEBUG    [VWAPCalc] 2025-04-16  VWAP=1232.49  SD=1.2096
13:54:56 DEBUG    [VWAPCalc] 2025-04-16  VWAP=1232.40  SD=1.2371
13:54:56 DEBUG    [VWAPCalc] 2025-04-16  VWAP=1232.36  SD=1.2448
13:54:56 DEBUG    [VWAPCalc] 2025-04-16  VWAP=1232.30  SD=1.2717
13:54:56 DEBUG    [VWAPCalc] 2025-04-16  VWAP=1232.26  SD=1.2900
13:54:56 DEBUG    [VWAPCalc] 2025-04-16  VWAP=1232.25  SD=1.2852
13:54:56 DEBUG    [VWAPCalc] 2025-04-16  VWAP=1232.26  SD=1.2686
13:54:56 DEBUG    [VWAPCalc] 2025-04-16  VWAP=1232.28  SD=1.2619
13:54:56 DEBUG    [VWAPCalc] 2025-04-16  VWAP=1232.34  SD=1.2773
13:54:56 DEBUG    [VWAPCalc] 2025-04-16  VWAP=1232.37  SD=1.2905
13:54:56 DEBUG    [VWAPCalc] 2025-04-16  VWAP=1232.40  SD=1.2980
13:54:56 DEBUG    [VWAPCalc] 2025-04-16  VWAP=1232.41  SD=1.3042
13:54:56 DEBUG    [VWAPCalc] 2025-04-16  VWAP=1232.44  SD=1.3147
13:54:56 DEBUG    [VWAPCalc] 2025-04-16  VWAP=1232.46  SD=1.3210
13:54:56 DEBUG    [VWAPCalc] 2025-04-16  VWAP=1232.47  SD=1.3202
13:54:56 DEBUG    [VWAPCalc] 2025-04-16  VWAP=1232.47  SD=1.3156
13:54:56 DEBUG    [VWAPCalc] 2025-04-16  VWAP=1232.47  SD=1.3093
13:54:56 DEBUG    [VWAPCalc] 2025-04-16  VWAP=1232.48  SD=1.3073
13:54:56 DEBUG    [VWAPCalc] 2025-04-16  VWAP=1232.50  SD=1.3136
13:54:56 DEBUG    [VWAPCalc] 2025-04-16  VWAP=1232.51  SD=1.3167
13:54:56 DEBUG    [VWAPCalc] 2025-04-16  VWAP=1232.52  SD=1.3181
13:54:56 DEBUG    [VWAPCalc] 2025-04-16  VWAP=1232.55  SD=1.3288
13:54:56 DEBUG    [VWAPCalc] 2025-04-16  VWAP=1232.57  SD=1.3289
13:54:56 DEBUG    [VWAPCalc] 2025-04-16  VWAP=1232.58  SD=1.3278
13:54:56 DEBUG    [VWAPCalc] 2025-04-16  VWAP=1232.61  SD=1.3474
13:54:56 DEBUG    [VWAPCalc] 2025-04-16  VWAP=1232.66  SD=1.3830
13:54:56 DEBUG    [VWAPCalc] 2025-04-16  VWAP=1232.72  SD=1.4354
13:54:56 DEBUG    [VWAPCalc] 2025-04-16  VWAP=1232.74  SD=1.4515
13:54:56 DEBUG    [VWAPCalc] 2025-04-16  VWAP=1232.77  SD=1.4752
13:54:56 DEBUG    [VWAPCalc] 2025-04-16  VWAP=1232.88  SD=1.5514
13:54:56 DEBUG    [VWAPCalc] 2025-04-16  VWAP=1232.91  SD=1.5755
13:54:56 DEBUG    [VWAPCalc] 2025-04-16  VWAP=1232.99  SD=1.6471
13:54:56 DEBUG    [VWAPCalc] 2025-04-16  VWAP=1233.04  SD=1.6868
13:54:56 DEBUG    [VWAPCalc] 2025-04-16  VWAP=1233.06  SD=1.6932
13:54:56 DEBUG    [VWAPCalc] 2025-04-16  VWAP=1233.08  SD=1.6983
13:54:56 DEBUG    [VWAPCalc] 2025-04-16  VWAP=1233.10  SD=1.7088
13:54:56 DEBUG    [VWAPCalc] 2025-04-16  VWAP=1233.15  SD=1.7333
13:54:56 DEBUG    [VWAPCalc] 2025-04-16  VWAP=1233.17  SD=1.7496
13:54:56 DEBUG    [VWAPCalc] 2025-04-16  VWAP=1233.19  SD=1.7660
13:54:56 DEBUG    [VWAPCalc] 2025-04-16  VWAP=1233.21  SD=1.7744
13:54:56 DEBUG    [VWAPCalc] 2025-04-16  VWAP=1233.25  SD=1.7873
13:54:56 DEBUG    [VWAPCalc] 2025-04-16  VWAP=1233.33  SD=1.8094
13:54:56 DEBUG    [VWAPCalc] 2025-04-16  VWAP=1233.35  SD=1.8130
13:54:56 DEBUG    [VWAPCalc] 2025-04-16  VWAP=1233.37  SD=1.8157
13:54:56 DEBUG    [VWAPCalc] 2025-04-16  VWAP=1233.38  SD=1.8194
13:54:56 DEBUG    [VWAPCalc] 2025-04-16  VWAP=1233.41  SD=1.8215
13:54:56 DEBUG    [VWAPCalc] 2025-04-16  VWAP=1233.43  SD=1.8214
13:54:56 DEBUG    [VWAPCalc] 2025-04-16  VWAP=1233.50  SD=1.8565
13:54:56 DEBUG    [VWAPCalc] 2025-04-16  VWAP=1233.52  SD=1.8584
13:54:56 DEBUG    [VWAPCalc] 2025-04-16  VWAP=1233.53  SD=1.8485
13:54:56 DEBUG    [VWAPCalc] 2025-04-16  VWAP=1233.54  SD=1.8331
13:54:56 DEBUG    [VWAPCalc] 2025-04-16  VWAP=1233.53  SD=1.8244
13:54:56 DEBUG    [VWAPCalc] 2025-04-16  VWAP=1233.52  SD=1.8183
13:54:56 DEBUG    [VWAPCalc] 2025-04-16  VWAP=1233.50  SD=1.8209
13:54:56 DEBUG    [VWAPCalc] 2025-04-16  VWAP=1233.48  SD=1.8283
13:54:56 DEBUG    [VWAPCalc] 2025-04-16  VWAP=1233.46  SD=1.8297
13:54:56 DEBUG    [VWAPCalc] 2025-04-16  VWAP=1233.44  SD=1.8312
13:54:56 DEBUG    [VWAPCalc] 2025-04-16  VWAP=1233.43  SD=1.8349
13:54:56 DEBUG    [VWAPCalc] 2025-04-16  VWAP=1233.41  SD=1.8389
13:54:56 DEBUG    [VWAPCalc] 2025-04-16  VWAP=1233.38  SD=1.8462
13:54:56 DEBUG    [VWAPCalc] 2025-04-16  VWAP=1233.35  SD=1.8460
13:54:56 DEBUG    [VWAPCalc] 2025-04-16  VWAP=1233.35  SD=1.8382
13:54:56 DEBUG    [VWAPCalc] 2025-04-16  VWAP=1233.40  SD=1.8462
13:54:56 DEBUG    [VWAPCalc] 2025-04-16  VWAP=1233.48  SD=1.9128
13:54:56 DEBUG    [VWAPCalc] 2025-04-16  VWAP=1233.51  SD=1.9307
13:54:56 DEBUG    [VWAPCalc] 2025-04-16  VWAP=1233.55  SD=1.9543
13:54:56 DEBUG    [VWAPCalc] 2025-04-16  VWAP=1233.58  SD=1.9702
13:54:56 DEBUG    [VWAPCalc] 2025-04-16  VWAP=1233.61  SD=1.9980
13:54:56 DEBUG    [VWAPCalc] 2025-04-16  VWAP=1233.63  SD=2.0126
13:54:56 DEBUG    [VWAPCalc] 2025-04-16  VWAP=1233.65  SD=2.0247
13:54:56 DEBUG    [VWAPCalc] 2025-04-16  VWAP=1233.70  SD=2.0606
13:54:56 DEBUG    [VWAPCalc] 2025-04-16  VWAP=1233.78  SD=2.1394
13:54:56 DEBUG    [VWAPCalc] 2025-04-16  VWAP=1233.87  SD=2.2391
13:54:56 DEBUG    [VWAPCalc] 2025-04-16  VWAP=1233.89  SD=2.2627
13:54:56 DEBUG    [VWAPCalc] 2025-04-16  VWAP=1233.93  SD=2.2840
13:54:56 DEBUG    [VWAPCalc] 2025-04-16  VWAP=1233.96  SD=2.2987
13:54:56 DEBUG    [VWAPCalc] 2025-04-16  VWAP=1233.97  SD=2.3069
13:54:56 DEBUG    [VWAPCalc] 2025-04-16  VWAP=1234.00  SD=2.3240
13:54:56 DEBUG    [VWAPCalc] 2025-04-16  VWAP=1234.03  SD=2.3347
13:54:56 DEBUG    [VWAPCalc] 2025-04-16  VWAP=1234.07  SD=2.3504
13:54:56 DEBUG    [VWAPCalc] 2025-04-16  VWAP=1234.12  SD=2.3852
13:54:56 DEBUG    [VWAPCalc] 2025-04-16  VWAP=1234.16  SD=2.4123
13:54:56 DEBUG    [VWAPCalc] 2025-04-16  VWAP=1234.27  SD=2.5111
13:54:56 DEBUG    [VWAPCalc] 2025-04-16  VWAP=1234.52  SD=2.7447
13:54:56 DEBUG    [VWAPCalc] 2025-04-16  VWAP=1234.71  SD=2.9038
13:54:56 DEBUG    [VWAPCalc] 2025-04-16  VWAP=1234.95  SD=3.0683
13:54:56 DEBUG    [VWAPCalc] 2025-04-16  VWAP=1235.21  SD=3.1741
13:54:56 DEBUG    [VWAPCalc] 2025-04-16  VWAP=1235.36  SD=3.1557
13:54:56 DEBUG    [VWAPCalc] 2025-04-16  VWAP=1235.42  SD=3.1385
13:54:56 DEBUG    [VWAPCalc] 2025-04-16  VWAP=1235.51  SD=3.1375
13:54:56 DEBUG    [VWAPCalc] 2025-04-16  VWAP=1235.60  SD=3.1483
13:54:56 DEBUG    [VWAPCalc] 2025-04-16  VWAP=1235.67  SD=3.1433
13:54:56 DEBUG    [VWAPCalc] 2025-04-16  VWAP=1235.71  SD=3.1247
13:54:56 DEBUG    [VWAPCalc] 2025-04-16  VWAP=1235.71  SD=3.0335
13:54:56 DEBUG    [VWAPCalc] 2025-04-16  VWAP=1235.66  SD=3.0230
13:54:56 DEBUG    [VWAPCalc] 2025-04-16  VWAP=1235.51  SD=3.1212
13:54:56 DEBUG    [VWAPCalc] 2025-04-16  VWAP=1235.44  SD=3.1694
13:54:56 DEBUG    [VWAPCalc] 2025-04-16  VWAP=1235.33  SD=3.2580
13:54:56 DEBUG    [VWAPCalc] 2025-04-17  VWAP=1229.40  SD=0.0000
13:54:56 DEBUG    [VWAPCalc] 2025-04-17  VWAP=1229.51  SD=0.1166
13:54:56 DEBUG    [VWAPCalc] 2025-04-17  VWAP=1229.78  SD=0.4498
13:54:56 DEBUG    [VWAPCalc] 2025-04-17  VWAP=1230.01  SD=0.6375
13:54:56 DEBUG    [VWAPCalc] 2025-04-17  VWAP=1230.29  SD=0.9113
13:54:56 DEBUG    [VWAPCalc] 2025-04-17  VWAP=1230.63  SD=1.1441
13:54:56 DEBUG    [VWAPCalc] 2025-04-17  VWAP=1230.78  SD=1.1956
13:54:56 DEBUG    [VWAPCalc] 2025-04-17  VWAP=1230.89  SD=1.2423
13:54:56 DEBUG    [VWAPCalc] 2025-04-17  VWAP=1230.94  SD=1.2169
13:54:56 DEBUG    [VWAPCalc] 2025-04-17  VWAP=1230.95  SD=1.1874
13:54:56 DEBUG    [VWAPCalc] 2025-04-17  VWAP=1230.95  SD=1.1672
13:54:56 DEBUG    [VWAPCalc] 2025-04-17  VWAP=1230.96  SD=1.1373
13:54:56 DEBUG    [VWAPCalc] 2025-04-17  VWAP=1230.93  SD=1.1066
13:54:56 DEBUG    [VWAPCalc] 2025-04-17  VWAP=1230.65  SD=1.2455
13:54:56 DEBUG    [VWAPCalc] 2025-04-17  VWAP=1230.58  SD=1.2355
13:54:56 DEBUG    [VWAPCalc] 2025-04-17  VWAP=1230.56  SD=1.2078
13:54:56 DEBUG    [VWAPCalc] 2025-04-17  VWAP=1230.52  SD=1.1791
13:54:56 DEBUG    [VWAPCalc] 2025-04-17  VWAP=1230.51  SD=1.1450
13:54:56 DEBUG    [VWAPCalc] 2025-04-17  VWAP=1230.55  SD=1.1380
13:54:56 DEBUG    [VWAPCalc] 2025-04-17  VWAP=1230.60  SD=1.1503
13:54:56 DEBUG    [VWAPCalc] 2025-04-17  VWAP=1230.76  SD=1.2745
13:54:56 DEBUG    [VWAPCalc] 2025-04-17  VWAP=1230.85  SD=1.3406
13:54:56 DEBUG    [VWAPCalc] 2025-04-17  VWAP=1230.90  SD=1.3630
13:54:56 DEBUG    [VWAPCalc] 2025-04-17  VWAP=1231.00  SD=1.4383
13:54:56 DEBUG    [VWAPCalc] 2025-04-17  VWAP=1231.19  SD=1.6225
13:54:56 DEBUG    [VWAPCalc] 2025-04-17  VWAP=1231.34  SD=1.7741
13:54:56 DEBUG    [VWAPCalc] 2025-04-17  VWAP=1231.74  SD=2.2221
13:54:56 DEBUG    [VWAPCalc] 2025-04-17  VWAP=1232.09  SD=2.5702
13:54:56 DEBUG    [VWAPCalc] 2025-04-17  VWAP=1232.50  SD=2.9128
13:54:56 DEBUG    [VWAPCalc] 2025-04-17  VWAP=1232.70  SD=3.0127
13:54:56 DEBUG    [VWAPCalc] 2025-04-17  VWAP=1233.22  SD=3.2487
13:54:56 DEBUG    [VWAPCalc] 2025-04-17  VWAP=1233.49  SD=3.3299
13:54:56 DEBUG    [VWAPCalc] 2025-04-17  VWAP=1233.65  SD=3.4202
13:54:56 DEBUG    [VWAPCalc] 2025-04-17  VWAP=1234.07  SD=3.7240
13:54:56 DEBUG    [VWAPCalc] 2025-04-17  VWAP=1234.36  SD=3.9277
13:54:56 DEBUG    [VWAPCalc] 2025-04-17  VWAP=1234.92  SD=4.4972
13:54:56 DEBUG    [VWAPCalc] 2025-04-17  VWAP=1235.23  SD=4.7949
13:54:56 DEBUG    [VWAPCalc] 2025-04-17  VWAP=1235.33  SD=4.8692
13:54:56 DEBUG    [VWAPCalc] 2025-04-17  VWAP=1235.47  SD=4.9645
13:54:56 DEBUG    [VWAPCalc] 2025-04-17  VWAP=1235.91  SD=5.3153
13:54:56 DEBUG    [VWAPCalc] 2025-04-17  VWAP=1236.35  SD=5.6584
13:54:56 DEBUG    [VWAPCalc] 2025-04-17  VWAP=1236.81  SD=6.0154
13:54:56 DEBUG    [VWAPCalc] 2025-04-17  VWAP=1237.54  SD=6.5471
13:54:56 DEBUG    [VWAPCalc] 2025-04-17  VWAP=1237.78  SD=6.7044
13:54:56 DEBUG    [VWAPCalc] 2025-04-17  VWAP=1238.64  SD=7.3047
13:54:56 DEBUG    [VWAPCalc] 2025-04-17  VWAP=1239.28  SD=7.7298
13:54:56 DEBUG    [VWAPCalc] 2025-04-17  VWAP=1239.80  SD=8.0673
13:54:56 DEBUG    [VWAPCalc] 2025-04-17  VWAP=1240.72  SD=8.6840
13:54:56 DEBUG    [VWAPCalc] 2025-04-17  VWAP=1241.24  SD=8.9386
13:54:56 DEBUG    [VWAPCalc] 2025-04-17  VWAP=1241.87  SD=9.2356
13:54:56 DEBUG    [VWAPCalc] 2025-04-17  VWAP=1242.26  SD=9.4065
13:54:56 DEBUG    [VWAPCalc] 2025-04-17  VWAP=1242.52  SD=9.5224
13:54:56 DEBUG    [VWAPCalc] 2025-04-17  VWAP=1242.92  SD=9.7189
13:54:56 DEBUG    [VWAPCalc] 2025-04-17  VWAP=1243.41  SD=9.9639
13:54:56 DEBUG    [VWAPCalc] 2025-04-17  VWAP=1243.72  SD=10.0973
13:54:56 DEBUG    [VWAPCalc] 2025-04-17  VWAP=1244.14  SD=10.2967
13:54:56 DEBUG    [VWAPCalc] 2025-04-17  VWAP=1244.42  SD=10.4230
13:54:56 DEBUG    [VWAPCalc] 2025-04-17  VWAP=1244.80  SD=10.5882
13:54:56 DEBUG    [VWAPCalc] 2025-04-17  VWAP=1245.00  SD=10.6718
13:54:56 DEBUG    [VWAPCalc] 2025-04-17  VWAP=1245.47  SD=10.8853
13:54:56 DEBUG    [VWAPCalc] 2025-04-17  VWAP=1245.88  SD=11.0827
13:54:56 DEBUG    [VWAPCalc] 2025-04-17  VWAP=1246.46  SD=11.3682
13:54:56 DEBUG    [VWAPCalc] 2025-04-17  VWAP=1246.71  SD=11.4555
13:54:56 DEBUG    [VWAPCalc] 2025-04-17  VWAP=1246.96  SD=11.5361
13:54:56 DEBUG    [VWAPCalc] 2025-04-17  VWAP=1247.16  SD=11.6035
13:54:56 DEBUG    [VWAPCalc] 2025-04-17  VWAP=1247.34  SD=11.6632
13:54:56 DEBUG    [VWAPCalc] 2025-04-17  VWAP=1247.53  SD=11.7296
13:54:56 DEBUG    [VWAPCalc] 2025-04-17  VWAP=1247.71  SD=11.7903
13:54:56 DEBUG    [VWAPCalc] 2025-04-17  VWAP=1247.81  SD=11.8183
13:54:56 DEBUG    [VWAPCalc] 2025-04-17  VWAP=1248.09  SD=11.8965
13:54:56 DEBUG    [VWAPCalc] 2025-04-17  VWAP=1248.20  SD=11.9241
13:54:56 DEBUG    [VWAPCalc] 2025-04-17  VWAP=1248.34  SD=11.9571
13:54:56 DEBUG    [VWAPCalc] 2025-04-17  VWAP=1248.50  SD=12.0040
13:54:56 DEBUG    [VWAPCalc] 2025-04-17  VWAP=1248.90  SD=12.1401
13:54:56 DEBUG    [VWAPCalc] 2025-04-17  VWAP=1249.27  SD=12.2813
13:54:56 DEBUG    [VWAPCalc] 2025-04-17  VWAP=1249.54  SD=12.3770
13:54:56 DEBUG    [VWAPCalc] 2025-04-17  VWAP=1249.73  SD=12.4396
13:54:56 DEBUG    [VWAPCalc] 2025-04-17  VWAP=1249.98  SD=12.5108
13:54:56 DEBUG    [VWAPCalc] 2025-04-17  VWAP=1250.09  SD=12.5434
13:54:56 DEBUG    [VWAPCalc] 2025-04-17  VWAP=1250.26  SD=12.5927
13:54:56 DEBUG    [VWAPCalc] 2025-04-17  VWAP=1250.79  SD=12.7558
13:54:56 DEBUG    [VWAPCalc] 2025-04-17  VWAP=1250.96  SD=12.8020
13:54:56 DEBUG    [VWAPCalc] 2025-04-17  VWAP=1251.20  SD=12.8721
13:54:56 DEBUG    [VWAPCalc] 2025-04-17  VWAP=1251.85  SD=13.0718
13:54:56 DEBUG    [VWAPCalc] 2025-04-17  VWAP=1252.09  SD=13.1466
13:54:56 DEBUG    [VWAPCalc] 2025-04-17  VWAP=1252.45  SD=13.2615
13:54:56 DEBUG    [VWAPCalc] 2025-04-17  VWAP=1254.07  SD=13.9939
13:54:56 DEBUG    [VWAPCalc] 2025-04-17  VWAP=1254.55  SD=14.1412
13:54:56 DEBUG    [VWAPCalc] 2025-04-17  VWAP=1254.75  SD=14.1920
13:54:56 DEBUG    [VWAPCalc] 2025-04-17  VWAP=1255.00  SD=14.2618
13:54:56 DEBUG    [VWAPCalc] 2025-04-17  VWAP=1255.31  SD=14.3667
13:54:56 DEBUG    [VWAPCalc] 2025-04-17  VWAP=1255.48  SD=14.4169
13:54:56 DEBUG    [VWAPCalc] 2025-04-17  VWAP=1255.74  SD=14.4998
13:54:56 DEBUG    [VWAPCalc] 2025-04-17  VWAP=1256.12  SD=14.6385
13:54:56 DEBUG    [VWAPCalc] 2025-04-17  VWAP=1256.49  SD=14.7442
13:54:56 DEBUG    [VWAPCalc] 2025-04-17  VWAP=1257.16  SD=14.8965
13:54:56 DEBUG    [VWAPCalc] 2025-04-17  VWAP=1257.39  SD=14.9359
13:54:56 DEBUG    [VWAPCalc] 2025-04-17  VWAP=1257.58  SD=14.9557
13:54:56 DEBUG    [VWAPCalc] 2025-04-17  VWAP=1257.80  SD=14.9914
13:54:56 DEBUG    [VWAPCalc] 2025-04-17  VWAP=1257.95  SD=15.0161
13:54:56 DEBUG    [VWAPCalc] 2025-04-17  VWAP=1258.06  SD=15.0349
13:54:56 DEBUG    [VWAPCalc] 2025-04-17  VWAP=1258.92  SD=15.2495
13:54:56 DEBUG    [VWAPCalc] 2025-04-17  VWAP=1259.20  SD=15.2908
13:54:56 DEBUG    [VWAPCalc] 2025-04-17  VWAP=1259.40  SD=15.3244
13:54:56 DEBUG    [VWAPCalc] 2025-04-17  VWAP=1259.54  SD=15.3462
13:54:56 DEBUG    [VWAPCalc] 2025-04-17  VWAP=1259.72  SD=15.3649
13:54:56 DEBUG    [VWAPCalc] 2025-04-17  VWAP=1259.85  SD=15.3806
13:54:56 DEBUG    [VWAPCalc] 2025-04-17  VWAP=1260.03  SD=15.3960
13:54:56 DEBUG    [VWAPCalc] 2025-04-17  VWAP=1260.19  SD=15.4101
13:54:56 DEBUG    [VWAPCalc] 2025-04-17  VWAP=1260.43  SD=15.4303
13:54:56 DEBUG    [VWAPCalc] 2025-04-17  VWAP=1260.76  SD=15.4240
13:54:56 DEBUG    [VWAPCalc] 2025-04-17  VWAP=1261.00  SD=15.4026
13:54:56 DEBUG    [VWAPCalc] 2025-04-17  VWAP=1261.22  SD=15.3730
13:54:56 DEBUG    [VWAPCalc] 2025-04-17  VWAP=1261.40  SD=15.3437
13:54:56 DEBUG    [VWAPCalc] 2025-04-17  VWAP=1261.62  SD=15.2859
13:54:56 DEBUG    [VWAPCalc] 2025-04-17  VWAP=1261.81  SD=15.2467
13:54:56 DEBUG    [VWAPCalc] 2025-04-17  VWAP=1262.02  SD=15.2050
13:54:56 DEBUG    [VWAPCalc] 2025-04-17  VWAP=1262.15  SD=15.1745
13:54:56 DEBUG    [VWAPCalc] 2025-04-17  VWAP=1262.33  SD=15.1352
13:54:56 DEBUG    [VWAPCalc] 2025-04-17  VWAP=1262.45  SD=15.0922
13:54:56 DEBUG    [VWAPCalc] 2025-04-14  VWAP=3290.00  SD=0.0000
13:54:56 DEBUG    [VWAPCalc] 2025-04-14  VWAP=3289.62  SD=0.7522
13:54:56 DEBUG    [VWAPCalc] 2025-04-14  VWAP=3289.91  SD=0.9463
13:54:56 DEBUG    [VWAPCalc] 2025-04-14  VWAP=3289.70  SD=1.1625
13:54:56 DEBUG    [VWAPCalc] 2025-04-14  VWAP=3289.46  SD=1.3485
13:54:56 DEBUG    [VWAPCalc] 2025-04-15  VWAP=3276.20  SD=0.0000
13:54:56 DEBUG    [VWAPCalc] 2025-04-15  VWAP=3274.65  SD=1.6155
13:54:56 DEBUG    [VWAPCalc] 2025-04-15  VWAP=3275.20  SD=1.5437
13:54:56 DEBUG    [VWAPCalc] 2025-04-15  VWAP=3275.75  SD=1.8470
13:54:56 DEBUG    [VWAPCalc] 2025-04-15  VWAP=3276.28  SD=2.1453
13:54:56 DEBUG    [VWAPCalc] 2025-04-15  VWAP=3276.64  SD=2.2209
13:54:56 DEBUG    [VWAPCalc] 2025-04-15  VWAP=3277.33  SD=2.3725
13:54:56 DEBUG    [VWAPCalc] 2025-04-15  VWAP=3277.42  SD=2.3282
13:54:56 DEBUG    [VWAPCalc] 2025-04-15  VWAP=3276.63  SD=2.8828
13:54:56 DEBUG    [VWAPCalc] 2025-04-15  VWAP=3275.58  SD=3.9630
13:54:56 DEBUG    [VWAPCalc] 2025-04-15  VWAP=3274.96  SD=4.4094
13:54:56 DEBUG    [VWAPCalc] 2025-04-15  VWAP=3273.17  SD=6.1508
13:54:56 DEBUG    [VWAPCalc] 2025-04-15  VWAP=3272.35  SD=6.9423
13:54:56 DEBUG    [VWAPCalc] 2025-04-15  VWAP=3270.80  SD=8.3976
13:54:56 DEBUG    [VWAPCalc] 2025-04-15  VWAP=3269.69  SD=9.3285
13:54:56 DEBUG    [VWAPCalc] 2025-04-15  VWAP=3268.70  SD=9.8538
13:54:56 DEBUG    [VWAPCalc] 2025-04-15  VWAP=3268.02  SD=10.0491
13:54:56 DEBUG    [VWAPCalc] 2025-04-15  VWAP=3267.53  SD=10.0594
13:54:56 DEBUG    [VWAPCalc] 2025-04-15  VWAP=3267.03  SD=9.9948
13:54:56 DEBUG    [VWAPCalc] 2025-04-15  VWAP=3266.71  SD=9.8980
13:54:56 DEBUG    [VWAPCalc] 2025-04-15  VWAP=3266.51  SD=9.8874
13:54:56 DEBUG    [VWAPCalc] 2025-04-15  VWAP=3266.06  SD=9.9664
13:54:56 DEBUG    [VWAPCalc] 2025-04-15  VWAP=3265.65  SD=10.0714
13:54:56 DEBUG    [VWAPCalc] 2025-04-15  VWAP=3265.33  SD=10.0437
13:54:56 DEBUG    [VWAPCalc] 2025-04-15  VWAP=3265.16  SD=10.0322
13:54:56 DEBUG    [VWAPCalc] 2025-04-15  VWAP=3264.97  SD=9.9590
13:54:56 DEBUG    [VWAPCalc] 2025-04-15  VWAP=3264.87  SD=9.8568
13:54:56 DEBUG    [VWAPCalc] 2025-04-15  VWAP=3264.77  SD=9.8157
13:54:56 DEBUG    [VWAPCalc] 2025-04-15  VWAP=3264.65  SD=9.7662
13:54:56 DEBUG    [VWAPCalc] 2025-04-15  VWAP=3264.48  SD=9.7437
13:54:56 DEBUG    [VWAPCalc] 2025-04-15  VWAP=3264.40  SD=9.7060
13:54:56 DEBUG    [VWAPCalc] 2025-04-15  VWAP=3264.28  SD=9.6720
13:54:56 DEBUG    [VWAPCalc] 2025-04-15  VWAP=3264.18  SD=9.6337
13:54:56 DEBUG    [VWAPCalc] 2025-04-15  VWAP=3264.06  SD=9.6364
13:54:56 DEBUG    [VWAPCalc] 2025-04-15  VWAP=3263.89  SD=9.6735
13:54:56 DEBUG    [VWAPCalc] 2025-04-15  VWAP=3263.49  SD=9.8246
13:54:56 DEBUG    [VWAPCalc] 2025-04-15  VWAP=3263.31  SD=9.8368
13:54:56 DEBUG    [VWAPCalc] 2025-04-15  VWAP=3263.16  SD=9.8312
13:54:56 DEBUG    [VWAPCalc] 2025-04-15  VWAP=3262.99  SD=9.8133
13:54:56 DEBUG    [VWAPCalc] 2025-04-15  VWAP=3262.83  SD=9.7819
13:54:56 DEBUG    [VWAPCalc] 2025-04-15  VWAP=3262.50  SD=9.8005
13:54:56 DEBUG    [VWAPCalc] 2025-04-15  VWAP=3262.36  SD=9.8166
13:54:56 DEBUG    [VWAPCalc] 2025-04-15  VWAP=3262.15  SD=9.8429
13:54:56 DEBUG    [VWAPCalc] 2025-04-15  VWAP=3261.88  SD=9.9055
13:54:56 DEBUG    [VWAPCalc] 2025-04-15  VWAP=3261.52  SD=10.0879
13:54:56 DEBUG    [VWAPCalc] 2025-04-15  VWAP=3261.16  SD=10.2725
13:54:56 DEBUG    [VWAPCalc] 2025-04-15  VWAP=3260.75  SD=10.4860
13:54:56 DEBUG    [VWAPCalc] 2025-04-15  VWAP=3260.17  SD=10.8290
13:54:56 DEBUG    [VWAPCalc] 2025-04-15  VWAP=3259.90  SD=10.9507
13:54:56 DEBUG    [VWAPCalc] 2025-04-15  VWAP=3259.62  SD=11.0939
13:54:56 DEBUG    [VWAPCalc] 2025-04-15  VWAP=3259.38  SD=11.1997
13:54:56 DEBUG    [VWAPCalc] 2025-04-15  VWAP=3259.19  SD=11.2705
13:54:56 DEBUG    [VWAPCalc] 2025-04-15  VWAP=3258.82  SD=11.2832
13:54:56 DEBUG    [VWAPCalc] 2025-04-15  VWAP=3258.69  SD=11.0842
13:54:56 DEBUG    [VWAPCalc] 2025-04-15  VWAP=3258.64  SD=11.0196
13:54:56 DEBUG    [VWAPCalc] 2025-04-15  VWAP=3258.58  SD=10.9662
13:54:56 DEBUG    [VWAPCalc] 2025-04-15  VWAP=3258.51  SD=10.7845
13:54:56 DEBUG    [VWAPCalc] 2025-04-15  VWAP=3258.46  SD=10.6620
13:54:56 DEBUG    [VWAPCalc] 2025-04-15  VWAP=3258.44  SD=10.5840
13:54:56 DEBUG    [VWAPCalc] 2025-04-15  VWAP=3258.45  SD=10.5270
13:54:56 DEBUG    [VWAPCalc] 2025-04-15  VWAP=3258.44  SD=10.4825
13:54:56 DEBUG    [VWAPCalc] 2025-04-15  VWAP=3258.44  SD=10.3554
13:54:56 DEBUG    [VWAPCalc] 2025-04-15  VWAP=3258.52  SD=10.2350
13:54:56 DEBUG    [VWAPCalc] 2025-04-15  VWAP=3258.54  SD=10.1779
13:54:56 DEBUG    [VWAPCalc] 2025-04-15  VWAP=3258.55  SD=10.0881
13:54:56 DEBUG    [VWAPCalc] 2025-04-15  VWAP=3258.59  SD=10.0234
13:54:56 DEBUG    [VWAPCalc] 2025-04-15  VWAP=3258.64  SD=9.9527
13:54:56 DEBUG    [VWAPCalc] 2025-04-15  VWAP=3258.64  SD=9.8967
13:54:56 DEBUG    [VWAPCalc] 2025-04-15  VWAP=3258.63  SD=9.8461
13:54:56 DEBUG    [VWAPCalc] 2025-04-15  VWAP=3258.62  SD=9.7863
13:54:56 DEBUG    [VWAPCalc] 2025-04-15  VWAP=3258.62  SD=9.7033
13:54:56 DEBUG    [VWAPCalc] 2025-04-15  VWAP=3258.62  SD=9.6488
13:54:56 DEBUG    [VWAPCalc] 2025-04-15  VWAP=3258.60  SD=9.6073
13:54:56 DEBUG    [VWAPCalc] 2025-04-15  VWAP=3258.59  SD=9.5781
13:54:56 DEBUG    [VWAPCalc] 2025-04-15  VWAP=3258.58  SD=9.5543
13:54:56 DEBUG    [VWAPCalc] 2025-04-15  VWAP=3258.57  SD=9.5361
13:54:56 DEBUG    [VWAPCalc] 2025-04-15  VWAP=3258.50  SD=9.4942
13:54:56 DEBUG    [VWAPCalc] 2025-04-15  VWAP=3258.45  SD=9.4689
13:54:56 DEBUG    [VWAPCalc] 2025-04-15  VWAP=3258.41  SD=9.4325
13:54:56 DEBUG    [VWAPCalc] 2025-04-15  VWAP=3258.40  SD=9.4157
13:54:56 DEBUG    [VWAPCalc] 2025-04-15  VWAP=3257.91  SD=9.1818
13:54:56 DEBUG    [VWAPCalc] 2025-04-15  VWAP=3257.88  SD=9.1664
13:54:56 DEBUG    [VWAPCalc] 2025-04-15  VWAP=3257.86  SD=9.1559
13:54:56 DEBUG    [VWAPCalc] 2025-04-15  VWAP=3257.82  SD=9.1475
13:54:56 DEBUG    [VWAPCalc] 2025-04-15  VWAP=3257.71  SD=9.1087
13:54:56 DEBUG    [VWAPCalc] 2025-04-15  VWAP=3257.59  SD=9.0645
13:54:56 DEBUG    [VWAPCalc] 2025-04-15  VWAP=3257.55  SD=9.0498
13:54:56 DEBUG    [VWAPCalc] 2025-04-15  VWAP=3257.49  SD=9.0370
13:54:56 DEBUG    [VWAPCalc] 2025-04-15  VWAP=3257.38  SD=9.0361
13:54:56 DEBUG    [VWAPCalc] 2025-04-15  VWAP=3257.31  SD=9.0403
13:54:56 DEBUG    [VWAPCalc] 2025-04-15  VWAP=3257.17  SD=9.0641
13:54:56 DEBUG    [VWAPCalc] 2025-04-15  VWAP=3257.03  SD=9.1111
13:54:56 DEBUG    [VWAPCalc] 2025-04-15  VWAP=3256.88  SD=9.1129
13:54:56 DEBUG    [VWAPCalc] 2025-04-15  VWAP=3256.67  SD=9.1359
13:54:56 DEBUG    [VWAPCalc] 2025-04-15  VWAP=3256.56  SD=9.1535
13:54:56 DEBUG    [VWAPCalc] 2025-04-15  VWAP=3256.47  SD=9.1349
13:54:56 DEBUG    [VWAPCalc] 2025-04-15  VWAP=3256.43  SD=9.1138
13:54:56 DEBUG    [VWAPCalc] 2025-04-15  VWAP=3256.36  SD=9.0328
13:54:56 DEBUG    [VWAPCalc] 2025-04-15  VWAP=3256.34  SD=9.0008
13:54:56 DEBUG    [VWAPCalc] 2025-04-15  VWAP=3256.29  SD=8.9362
13:54:56 DEBUG    [VWAPCalc] 2025-04-15  VWAP=3256.22  SD=8.9076
13:54:56 DEBUG    [VWAPCalc] 2025-04-15  VWAP=3256.17  SD=8.8946
13:54:56 DEBUG    [VWAPCalc] 2025-04-15  VWAP=3256.14  SD=8.8845
13:54:56 DEBUG    [VWAPCalc] 2025-04-15  VWAP=3256.05  SD=8.8510
13:54:56 DEBUG    [VWAPCalc] 2025-04-15  VWAP=3255.97  SD=8.8118
13:54:56 DEBUG    [VWAPCalc] 2025-04-15  VWAP=3255.92  SD=8.7990
13:54:56 DEBUG    [VWAPCalc] 2025-04-15  VWAP=3255.77  SD=8.7555
13:54:56 DEBUG    [VWAPCalc] 2025-04-15  VWAP=3255.51  SD=8.7851
13:54:56 DEBUG    [VWAPCalc] 2025-04-15  VWAP=3255.23  SD=8.8457
13:54:56 DEBUG    [VWAPCalc] 2025-04-15  VWAP=3255.09  SD=8.8790
13:54:56 DEBUG    [VWAPCalc] 2025-04-15  VWAP=3254.81  SD=8.9115
13:54:56 DEBUG    [VWAPCalc] 2025-04-15  VWAP=3254.56  SD=8.8995
13:54:56 DEBUG    [VWAPCalc] 2025-04-15  VWAP=3254.32  SD=8.8924
13:54:56 DEBUG    [VWAPCalc] 2025-04-15  VWAP=3254.01  SD=8.8211
13:54:56 DEBUG    [VWAPCalc] 2025-04-15  VWAP=3253.83  SD=8.7576
13:54:56 DEBUG    [VWAPCalc] 2025-04-15  VWAP=3253.66  SD=8.6145
13:54:56 DEBUG    [VWAPCalc] 2025-04-15  VWAP=3253.51  SD=8.4788
13:54:56 DEBUG    [VWAPCalc] 2025-04-15  VWAP=3253.39  SD=8.3959
13:54:56 DEBUG    [VWAPCalc] 2025-04-15  VWAP=3253.32  SD=8.3174
13:54:56 DEBUG    [VWAPCalc] 2025-04-15  VWAP=3253.32  SD=8.2587
13:54:56 DEBUG    [VWAPCalc] 2025-04-15  VWAP=3253.09  SD=8.2573
13:54:56 DEBUG    [VWAPCalc] 2025-04-15  VWAP=3253.04  SD=8.2192
13:54:56 DEBUG    [VWAPCalc] 2025-04-15  VWAP=3253.03  SD=8.1964
13:54:56 DEBUG    [VWAPCalc] 2025-04-15  VWAP=3253.06  SD=8.1731
13:54:56 DEBUG    [VWAPCalc] 2025-04-15  VWAP=3253.17  SD=8.2057
13:54:56 DEBUG    [VWAPCalc] 2025-04-16  VWAP=3267.63  SD=0.0000
13:54:56 DEBUG    [VWAPCalc] 2025-04-16  VWAP=3266.16  SD=0.7600
13:54:56 DEBUG    [VWAPCalc] 2025-04-16  VWAP=3266.79  SD=0.9287
13:54:56 DEBUG    [VWAPCalc] 2025-04-16  VWAP=3265.97  SD=2.4926
13:54:56 DEBUG    [VWAPCalc] 2025-04-16  VWAP=3265.17  SD=3.3071
13:54:56 DEBUG    [VWAPCalc] 2025-04-16  VWAP=3264.27  SD=4.4096
13:54:56 DEBUG    [VWAPCalc] 2025-04-16  VWAP=3262.84  SD=6.1802
13:54:56 DEBUG    [VWAPCalc] 2025-04-16  VWAP=3262.03  SD=6.7704
13:54:56 DEBUG    [VWAPCalc] 2025-04-16  VWAP=3261.38  SD=7.2055
13:54:56 DEBUG    [VWAPCalc] 2025-04-16  VWAP=3260.60  SD=7.7286
13:54:56 DEBUG    [VWAPCalc] 2025-04-16  VWAP=3260.27  SD=7.8957
13:54:56 DEBUG    [VWAPCalc] 2025-04-16  VWAP=3259.84  SD=8.1555
13:54:56 DEBUG    [VWAPCalc] 2025-04-16  VWAP=3259.25  SD=8.5061
13:54:56 DEBUG    [VWAPCalc] 2025-04-16  VWAP=3258.72  SD=8.7260
13:54:56 DEBUG    [VWAPCalc] 2025-04-16  VWAP=3258.41  SD=8.8537
13:54:56 DEBUG    [VWAPCalc] 2025-04-16  VWAP=3257.65  SD=9.2865
13:54:56 DEBUG    [VWAPCalc] 2025-04-16  VWAP=3257.16  SD=9.5073
13:54:56 DEBUG    [VWAPCalc] 2025-04-16  VWAP=3256.46  SD=9.8378
13:54:56 DEBUG    [VWAPCalc] 2025-04-16  VWAP=3256.05  SD=10.0082
13:54:56 DEBUG    [VWAPCalc] 2025-04-16  VWAP=3255.71  SD=10.1160
13:54:56 DEBUG    [VWAPCalc] 2025-04-16  VWAP=3254.91  SD=10.3925
13:54:56 DEBUG    [VWAPCalc] 2025-04-16  VWAP=3254.58  SD=10.4792
13:54:56 DEBUG    [VWAPCalc] 2025-04-16  VWAP=3254.08  SD=10.5973
13:54:56 DEBUG    [VWAPCalc] 2025-04-16  VWAP=3253.82  SD=10.5630
13:54:56 DEBUG    [VWAPCalc] 2025-04-16  VWAP=3253.68  SD=10.5256
13:54:56 DEBUG    [VWAPCalc] 2025-04-16  VWAP=3253.62  SD=10.5087
13:54:56 DEBUG    [VWAPCalc] 2025-04-16  VWAP=3253.44  SD=10.4200
13:54:56 DEBUG    [VWAPCalc] 2025-04-16  VWAP=3253.31  SD=10.2983
13:54:56 DEBUG    [VWAPCalc] 2025-04-16  VWAP=3253.21  SD=10.2570
13:54:56 DEBUG    [VWAPCalc] 2025-04-16  VWAP=3253.07  SD=10.2063
13:54:56 DEBUG    [VWAPCalc] 2025-04-16  VWAP=3252.77  SD=10.1267
13:54:56 DEBUG    [VWAPCalc] 2025-04-16  VWAP=3252.35  SD=10.0846
13:54:56 DEBUG    [VWAPCalc] 2025-04-16  VWAP=3252.16  SD=10.0069
13:54:56 DEBUG    [VWAPCalc] 2025-04-16  VWAP=3252.05  SD=9.9185
13:54:56 DEBUG    [VWAPCalc] 2025-04-16  VWAP=3251.96  SD=9.8401
13:54:56 DEBUG    [VWAPCalc] 2025-04-16  VWAP=3251.88  SD=9.7381
13:54:56 DEBUG    [VWAPCalc] 2025-04-16  VWAP=3251.86  SD=9.6935
13:54:56 DEBUG    [VWAPCalc] 2025-04-16  VWAP=3251.81  SD=9.6128
13:54:56 DEBUG    [VWAPCalc] 2025-04-16  VWAP=3251.79  SD=9.5718
13:54:56 DEBUG    [VWAPCalc] 2025-04-16  VWAP=3251.79  SD=9.4933
13:54:56 DEBUG    [VWAPCalc] 2025-04-16  VWAP=3251.80  SD=9.1282
13:54:56 DEBUG    [VWAPCalc] 2025-04-16  VWAP=3251.82  SD=9.0861
13:54:56 DEBUG    [VWAPCalc] 2025-04-16  VWAP=3251.83  SD=9.0299
13:54:56 DEBUG    [VWAPCalc] 2025-04-16  VWAP=3251.83  SD=8.9945
13:54:56 DEBUG    [VWAPCalc] 2025-04-16  VWAP=3251.87  SD=8.9487
13:54:56 DEBUG    [VWAPCalc] 2025-04-16  VWAP=3252.01  SD=8.9146
13:54:56 DEBUG    [VWAPCalc] 2025-04-16  VWAP=3252.06  SD=8.8931
13:54:56 DEBUG    [VWAPCalc] 2025-04-16  VWAP=3252.09  SD=8.8727
13:54:56 DEBUG    [VWAPCalc] 2025-04-16  VWAP=3252.14  SD=8.8190
13:54:56 DEBUG    [VWAPCalc] 2025-04-16  VWAP=3252.17  SD=8.7857
13:54:56 DEBUG    [VWAPCalc] 2025-04-16  VWAP=3252.22  SD=8.7496
13:54:56 DEBUG    [VWAPCalc] 2025-04-16  VWAP=3252.29  SD=8.7219
13:54:56 DEBUG    [VWAPCalc] 2025-04-16  VWAP=3252.46  SD=8.7036
13:54:56 DEBUG    [VWAPCalc] 2025-04-16  VWAP=3252.55  SD=8.7124
13:54:56 DEBUG    [VWAPCalc] 2025-04-16  VWAP=3252.65  SD=8.7235
13:54:56 DEBUG    [VWAPCalc] 2025-04-16  VWAP=3252.84  SD=8.7615
13:54:56 DEBUG    [VWAPCalc] 2025-04-16  VWAP=3253.24  SD=8.8581
13:54:56 DEBUG    [VWAPCalc] 2025-04-16  VWAP=3253.72  SD=9.0627
13:54:56 DEBUG    [VWAPCalc] 2025-04-16  VWAP=3253.97  SD=9.1898
13:54:56 DEBUG    [VWAPCalc] 2025-04-16  VWAP=3254.15  SD=9.2518
13:54:56 DEBUG    [VWAPCalc] 2025-04-16  VWAP=3254.48  SD=9.3581
13:54:56 DEBUG    [VWAPCalc] 2025-04-16  VWAP=3254.56  SD=9.3733
13:54:56 DEBUG    [VWAPCalc] 2025-04-16  VWAP=3255.00  SD=9.5184
13:54:56 DEBUG    [VWAPCalc] 2025-04-16  VWAP=3255.08  SD=9.5368
13:54:56 DEBUG    [VWAPCalc] 2025-04-16  VWAP=3255.16  SD=9.5459
13:54:56 DEBUG    [VWAPCalc] 2025-04-16  VWAP=3255.31  SD=9.5424
13:54:56 DEBUG    [VWAPCalc] 2025-04-16  VWAP=3255.64  SD=9.5243
13:54:56 DEBUG    [VWAPCalc] 2025-04-16  VWAP=3255.75  SD=9.5248
13:54:56 DEBUG    [VWAPCalc] 2025-04-16  VWAP=3255.81  SD=9.5208
13:54:56 DEBUG    [VWAPCalc] 2025-04-16  VWAP=3255.90  SD=9.5157
13:54:56 DEBUG    [VWAPCalc] 2025-04-16  VWAP=3256.00  SD=9.4881
13:54:56 DEBUG    [VWAPCalc] 2025-04-16  VWAP=3256.13  SD=9.3972
13:54:56 DEBUG    [VWAPCalc] 2025-04-16  VWAP=3256.16  SD=9.3745
13:54:56 DEBUG    [VWAPCalc] 2025-04-16  VWAP=3256.24  SD=9.3200
13:54:56 DEBUG    [VWAPCalc] 2025-04-16  VWAP=3256.33  SD=9.3039
13:54:56 DEBUG    [VWAPCalc] 2025-04-16  VWAP=3256.52  SD=9.2628
13:54:56 DEBUG    [VWAPCalc] 2025-04-16  VWAP=3256.56  SD=9.2397
13:54:56 DEBUG    [VWAPCalc] 2025-04-16  VWAP=3256.59  SD=9.2077
13:54:56 DEBUG    [VWAPCalc] 2025-04-16  VWAP=3256.65  SD=9.1315
13:54:56 DEBUG    [VWAPCalc] 2025-04-16  VWAP=3256.76  SD=8.9655
13:54:56 DEBUG    [VWAPCalc] 2025-04-16  VWAP=3256.79  SD=8.9239
13:54:56 DEBUG    [VWAPCalc] 2025-04-16  VWAP=3256.81  SD=8.8615
13:54:56 DEBUG    [VWAPCalc] 2025-04-16  VWAP=3256.88  SD=8.7884
13:54:56 DEBUG    [VWAPCalc] 2025-04-16  VWAP=3256.88  SD=8.7736
13:54:56 DEBUG    [VWAPCalc] 2025-04-16  VWAP=3256.89  SD=8.7606
13:54:56 DEBUG    [VWAPCalc] 2025-04-16  VWAP=3256.90  SD=8.7341
13:54:56 DEBUG    [VWAPCalc] 2025-04-16  VWAP=3256.91  SD=8.7152
13:54:56 DEBUG    [VWAPCalc] 2025-04-16  VWAP=3256.91  SD=8.6992
13:54:56 DEBUG    [VWAPCalc] 2025-04-16  VWAP=3256.95  SD=8.6114
13:54:56 DEBUG    [VWAPCalc] 2025-04-16  VWAP=3257.20  SD=8.5070
13:54:56 DEBUG    [VWAPCalc] 2025-04-16  VWAP=3257.36  SD=8.5072
13:54:56 DEBUG    [VWAPCalc] 2025-04-16  VWAP=3257.42  SD=8.5038
13:54:56 DEBUG    [VWAPCalc] 2025-04-16  VWAP=3257.45  SD=8.5035
13:54:56 DEBUG    [VWAPCalc] 2025-04-16  VWAP=3257.62  SD=8.5414
13:54:56 DEBUG    [VWAPCalc] 2025-04-16  VWAP=3257.87  SD=8.6844
13:54:56 DEBUG    [VWAPCalc] 2025-04-16  VWAP=3257.94  SD=8.7151
13:54:56 DEBUG    [VWAPCalc] 2025-04-16  VWAP=3258.01  SD=8.7460
13:54:56 DEBUG    [VWAPCalc] 2025-04-16  VWAP=3258.34  SD=8.9729
13:54:56 DEBUG    [VWAPCalc] 2025-04-16  VWAP=3258.49  SD=9.0766
13:54:56 DEBUG    [VWAPCalc] 2025-04-16  VWAP=3258.63  SD=9.1735
13:54:56 DEBUG    [VWAPCalc] 2025-04-16  VWAP=3258.72  SD=9.2253
13:54:56 DEBUG    [VWAPCalc] 2025-04-16  VWAP=3258.80  SD=9.2538
13:54:56 DEBUG    [VWAPCalc] 2025-04-16  VWAP=3259.02  SD=9.3500
13:54:56 DEBUG    [VWAPCalc] 2025-04-16  VWAP=3259.20  SD=9.4362
13:54:56 DEBUG    [VWAPCalc] 2025-04-16  VWAP=3259.32  SD=9.4814
13:54:56 DEBUG    [VWAPCalc] 2025-04-16  VWAP=3259.40  SD=9.5011
13:54:56 DEBUG    [VWAPCalc] 2025-04-16  VWAP=3259.47  SD=9.5214
13:54:56 DEBUG    [VWAPCalc] 2025-04-16  VWAP=3259.59  SD=9.5381
13:54:56 DEBUG    [VWAPCalc] 2025-04-16  VWAP=3259.65  SD=9.5379
13:54:56 DEBUG    [VWAPCalc] 2025-04-16  VWAP=3259.72  SD=9.5378
13:54:56 DEBUG    [VWAPCalc] 2025-04-16  VWAP=3259.92  SD=9.5720
13:54:56 DEBUG    [VWAPCalc] 2025-04-16  VWAP=3260.17  SD=9.6646
13:54:56 DEBUG    [VWAPCalc] 2025-04-16  VWAP=3260.37  SD=9.7392
13:54:56 DEBUG    [VWAPCalc] 2025-04-16  VWAP=3260.57  SD=9.7983
13:54:56 DEBUG    [VWAPCalc] 2025-04-16  VWAP=3260.72  SD=9.8174
13:54:56 DEBUG    [VWAPCalc] 2025-04-16  VWAP=3260.96  SD=9.8543
13:54:56 DEBUG    [VWAPCalc] 2025-04-16  VWAP=3261.24  SD=9.9323
13:54:56 DEBUG    [VWAPCalc] 2025-04-16  VWAP=3261.47  SD=10.0037
13:54:56 DEBUG    [VWAPCalc] 2025-04-16  VWAP=3261.73  SD=10.0834
13:54:56 DEBUG    [VWAPCalc] 2025-04-16  VWAP=3261.93  SD=10.1320
13:54:56 DEBUG    [VWAPCalc] 2025-04-16  VWAP=3259.53  SD=12.6592
13:54:56 DEBUG    [VWAPCalc] 2025-04-16  VWAP=3258.77  SD=13.4225
13:54:56 DEBUG    [VWAPCalc] 2025-04-16  VWAP=3258.30  SD=13.8671
13:54:56 DEBUG    [VWAPCalc] 2025-04-16  VWAP=3257.82  SD=14.3056
13:54:56 DEBUG    [VWAPCalc] 2025-04-16  VWAP=3257.54  SD=14.5529
13:54:56 DEBUG    [VWAPCalc] 2025-04-17  VWAP=3221.40  SD=0.0000
13:54:56 DEBUG    [VWAPCalc] 2025-04-17  VWAP=3220.78  SD=0.7390
13:54:56 DEBUG    [VWAPCalc] 2025-04-17  VWAP=3221.38  SD=1.2630
13:54:56 DEBUG    [VWAPCalc] 2025-04-17  VWAP=3221.92  SD=1.6868
13:54:56 DEBUG    [VWAPCalc] 2025-04-17  VWAP=3223.38  SD=3.2722
13:54:56 DEBUG    [VWAPCalc] 2025-04-17  VWAP=3224.42  SD=3.8836
13:54:56 DEBUG    [VWAPCalc] 2025-04-17  VWAP=3225.03  SD=4.0714
13:54:56 DEBUG    [VWAPCalc] 2025-04-17  VWAP=3225.45  SD=4.2083
13:54:56 DEBUG    [VWAPCalc] 2025-04-17  VWAP=3226.18  SD=4.6991
13:54:56 DEBUG    [VWAPCalc] 2025-04-17  VWAP=3227.23  SD=5.4664
13:54:56 DEBUG    [VWAPCalc] 2025-04-17  VWAP=3227.88  SD=5.5405
13:54:56 DEBUG    [VWAPCalc] 2025-04-17  VWAP=3228.17  SD=5.5504
13:54:56 DEBUG    [VWAPCalc] 2025-04-17  VWAP=3228.26  SD=5.4922
13:54:56 DEBUG    [VWAPCalc] 2025-04-17  VWAP=3228.28  SD=5.3458
13:54:56 DEBUG    [VWAPCalc] 2025-04-17  VWAP=3228.35  SD=5.2327
13:54:56 DEBUG    [VWAPCalc] 2025-04-17  VWAP=3228.43  SD=5.1173
13:54:56 DEBUG    [VWAPCalc] 2025-04-17  VWAP=3228.43  SD=5.0463
13:54:56 DEBUG    [VWAPCalc] 2025-04-17  VWAP=3228.43  SD=4.9678
13:54:56 DEBUG    [VWAPCalc] 2025-04-17  VWAP=3228.56  SD=4.9338
13:54:56 DEBUG    [VWAPCalc] 2025-04-17  VWAP=3228.60  SD=4.9129
13:54:56 DEBUG    [VWAPCalc] 2025-04-17  VWAP=3228.78  SD=4.9369
13:54:56 DEBUG    [VWAPCalc] 2025-04-17  VWAP=3228.87  SD=4.9613
13:54:56 DEBUG    [VWAPCalc] 2025-04-17  VWAP=3229.03  SD=4.9969
13:54:56 DEBUG    [VWAPCalc] 2025-04-17  VWAP=3229.22  SD=5.0969
13:54:56 DEBUG    [VWAPCalc] 2025-04-17  VWAP=3229.27  SD=5.1138
13:54:56 DEBUG    [VWAPCalc] 2025-04-17  VWAP=3229.58  SD=5.2905
13:54:56 DEBUG    [VWAPCalc] 2025-04-17  VWAP=3229.71  SD=5.3802
13:54:56 DEBUG    [VWAPCalc] 2025-04-17  VWAP=3229.83  SD=5.4151
13:54:56 DEBUG    [VWAPCalc] 2025-04-17  VWAP=3229.90  SD=5.4142
13:54:56 DEBUG    [VWAPCalc] 2025-04-17  VWAP=3229.98  SD=5.4102
13:54:56 DEBUG    [VWAPCalc] 2025-04-17  VWAP=3230.23  SD=5.3540
13:54:56 DEBUG    [VWAPCalc] 2025-04-17  VWAP=3230.35  SD=5.3474
13:54:56 DEBUG    [VWAPCalc] 2025-04-17  VWAP=3230.40  SD=5.3600
13:54:56 DEBUG    [VWAPCalc] 2025-04-17  VWAP=3230.58  SD=5.4618
13:54:56 DEBUG    [VWAPCalc] 2025-04-17  VWAP=3230.72  SD=5.5280
13:54:56 DEBUG    [VWAPCalc] 2025-04-17  VWAP=3231.16  SD=5.8681
13:54:56 DEBUG    [VWAPCalc] 2025-04-17  VWAP=3231.64  SD=6.2672
13:54:56 DEBUG    [VWAPCalc] 2025-04-17  VWAP=3232.01  SD=6.6134
13:54:56 DEBUG    [VWAPCalc] 2025-04-17  VWAP=3232.31  SD=6.8870
13:54:56 DEBUG    [VWAPCalc] 2025-04-17  VWAP=3233.10  SD=7.6752
13:54:56 DEBUG    [VWAPCalc] 2025-04-17  VWAP=3233.64  SD=8.2298
13:54:56 DEBUG    [VWAPCalc] 2025-04-17  VWAP=3234.26  SD=8.8656
13:54:56 DEBUG    [VWAPCalc] 2025-04-17  VWAP=3234.82  SD=9.4237
13:54:56 DEBUG    [VWAPCalc] 2025-04-17  VWAP=3235.09  SD=9.6312
13:54:56 DEBUG    [VWAPCalc] 2025-04-17  VWAP=3235.82  SD=10.2733
13:54:56 DEBUG    [VWAPCalc] 2025-04-17  VWAP=3236.52  SD=10.8574
13:54:56 DEBUG    [VWAPCalc] 2025-04-17  VWAP=3236.78  SD=11.0274
13:54:56 DEBUG    [VWAPCalc] 2025-04-17  VWAP=3237.56  SD=11.5163
13:54:56 DEBUG    [VWAPCalc] 2025-04-17  VWAP=3238.02  SD=11.6658
13:54:56 DEBUG    [VWAPCalc] 2025-04-17  VWAP=3238.25  SD=11.7704
13:54:56 DEBUG    [VWAPCalc] 2025-04-17  VWAP=3238.45  SD=11.8427
13:54:56 DEBUG    [VWAPCalc] 2025-04-17  VWAP=3238.60  SD=11.8996
13:54:56 DEBUG    [VWAPCalc] 2025-04-17  VWAP=3238.82  SD=11.9813
13:54:56 DEBUG    [VWAPCalc] 2025-04-17  VWAP=3239.16  SD=12.1358
13:54:56 DEBUG    [VWAPCalc] 2025-04-17  VWAP=3239.43  SD=12.2511
13:54:56 DEBUG    [VWAPCalc] 2025-04-17  VWAP=3239.65  SD=12.3543
13:54:56 DEBUG    [VWAPCalc] 2025-04-17  VWAP=3239.91  SD=12.4753
13:54:56 DEBUG    [VWAPCalc] 2025-04-17  VWAP=3240.18  SD=12.6101
13:54:56 DEBUG    [VWAPCalc] 2025-04-17  VWAP=3240.64  SD=12.9044
13:54:56 DEBUG    [VWAPCalc] 2025-04-17  VWAP=3241.36  SD=13.4410
13:54:56 DEBUG    [VWAPCalc] 2025-04-17  VWAP=3242.29  SD=14.1054
13:54:56 DEBUG    [VWAPCalc] 2025-04-17  VWAP=3243.20  SD=14.7354
13:54:56 DEBUG    [VWAPCalc] 2025-04-17  VWAP=3243.56  SD=14.9125
13:54:56 DEBUG    [VWAPCalc] 2025-04-17  VWAP=3243.99  SD=15.1247
13:54:56 DEBUG    [VWAPCalc] 2025-04-17  VWAP=3244.41  SD=15.3652
13:54:56 DEBUG    [VWAPCalc] 2025-04-17  VWAP=3244.97  SD=15.7374
13:54:56 DEBUG    [VWAPCalc] 2025-04-17  VWAP=3246.23  SD=16.6448
13:54:56 DEBUG    [VWAPCalc] 2025-04-17  VWAP=3246.64  SD=16.9033
13:54:56 DEBUG    [VWAPCalc] 2025-04-17  VWAP=3246.90  SD=17.0578
13:54:56 DEBUG    [VWAPCalc] 2025-04-17  VWAP=3247.23  SD=17.1519
13:54:56 DEBUG    [VWAPCalc] 2025-04-17  VWAP=3247.39  SD=17.1981
13:54:56 DEBUG    [VWAPCalc] 2025-04-17  VWAP=3247.65  SD=17.2832
13:54:56 DEBUG    [VWAPCalc] 2025-04-17  VWAP=3247.99  SD=17.4346
13:54:56 DEBUG    [VWAPCalc] 2025-04-17  VWAP=3248.21  SD=17.5323
13:54:56 DEBUG    [VWAPCalc] 2025-04-17  VWAP=3248.49  SD=17.6768
13:54:56 DEBUG    [VWAPCalc] 2025-04-17  VWAP=3249.09  SD=17.9468
13:54:56 DEBUG    [VWAPCalc] 2025-04-17  VWAP=3249.32  SD=18.0343
13:54:56 DEBUG    [VWAPCalc] 2025-04-17  VWAP=3249.61  SD=18.1517
13:54:56 DEBUG    [VWAPCalc] 2025-04-17  VWAP=3249.92  SD=18.2695
13:54:56 DEBUG    [VWAPCalc] 2025-04-17  VWAP=3250.10  SD=18.3393
13:54:56 DEBUG    [VWAPCalc] 2025-04-17  VWAP=3250.45  SD=18.4829
13:54:56 DEBUG    [VWAPCalc] 2025-04-17  VWAP=3250.87  SD=18.6154
13:54:56 DEBUG    [VWAPCalc] 2025-04-17  VWAP=3251.42  SD=18.8107
13:54:56 DEBUG    [VWAPCalc] 2025-04-17  VWAP=3252.72  SD=19.5325
13:54:56 DEBUG    [VWAPCalc] 2025-04-17  VWAP=3253.21  SD=19.8548
13:54:56 DEBUG    [VWAPCalc] 2025-04-17  VWAP=3253.71  SD=20.1713
13:54:56 DEBUG    [VWAPCalc] 2025-04-17  VWAP=3254.00  SD=20.3514
13:54:56 DEBUG    [VWAPCalc] 2025-04-17  VWAP=3254.61  SD=20.7500
13:54:56 DEBUG    [VWAPCalc] 2025-04-17  VWAP=3254.93  SD=20.9539
13:54:56 DEBUG    [VWAPCalc] 2025-04-17  VWAP=3255.33  SD=21.2366
13:54:56 DEBUG    [VWAPCalc] 2025-04-17  VWAP=3256.27  SD=21.9578
13:54:56 DEBUG    [VWAPCalc] 2025-04-17  VWAP=3256.64  SD=22.2017
13:54:56 DEBUG    [VWAPCalc] 2025-04-17  VWAP=3256.87  SD=22.3415
13:54:56 DEBUG    [VWAPCalc] 2025-04-17  VWAP=3257.31  SD=22.6446
13:54:56 DEBUG    [VWAPCalc] 2025-04-17  VWAP=3257.75  SD=22.9115
13:54:56 DEBUG    [VWAPCalc] 2025-04-17  VWAP=3258.41  SD=23.1733
13:54:56 DEBUG    [VWAPCalc] 2025-04-17  VWAP=3258.71  SD=23.2452
13:54:56 DEBUG    [VWAPCalc] 2025-04-17  VWAP=3259.01  SD=23.2846
13:54:56 DEBUG    [VWAPCalc] 2025-04-17  VWAP=3259.32  SD=23.3453
13:54:56 DEBUG    [VWAPCalc] 2025-04-17  VWAP=3259.51  SD=23.3976
13:54:56 DEBUG    [VWAPCalc] 2025-04-17  VWAP=3259.77  SD=23.4871
13:54:56 DEBUG    [VWAPCalc] 2025-04-17  VWAP=3260.12  SD=23.6236
13:54:56 DEBUG    [VWAPCalc] 2025-04-17  VWAP=3260.37  SD=23.6930
13:54:56 DEBUG    [VWAPCalc] 2025-04-17  VWAP=3260.68  SD=23.7808
13:54:56 DEBUG    [VWAPCalc] 2025-04-17  VWAP=3260.86  SD=23.8469
13:54:56 DEBUG    [VWAPCalc] 2025-04-17  VWAP=3261.14  SD=23.9362
13:54:56 DEBUG    [VWAPCalc] 2025-04-17  VWAP=3261.29  SD=23.9848
13:54:56 DEBUG    [VWAPCalc] 2025-04-17  VWAP=3261.46  SD=24.0375
13:54:56 DEBUG    [VWAPCalc] 2025-04-17  VWAP=3261.69  SD=24.1099
13:54:56 DEBUG    [VWAPCalc] 2025-04-17  VWAP=3262.12  SD=24.2742
13:54:56 DEBUG    [VWAPCalc] 2025-04-17  VWAP=3262.90  SD=24.5996
13:54:56 DEBUG    [VWAPCalc] 2025-04-17  VWAP=3263.44  SD=24.7933
13:54:56 DEBUG    [VWAPCalc] 2025-04-17  VWAP=3263.99  SD=24.9704
13:54:56 DEBUG    [VWAPCalc] 2025-04-17  VWAP=3264.71  SD=25.2009
13:54:56 DEBUG    [VWAPCalc] 2025-04-17  VWAP=3265.26  SD=25.3960
13:54:56 DEBUG    [VWAPCalc] 2025-04-17  VWAP=3265.83  SD=25.5691
13:54:56 DEBUG    [VWAPCalc] 2025-04-17  VWAP=3266.40  SD=25.7169
13:54:56 DEBUG    [VWAPCalc] 2025-04-17  VWAP=3266.72  SD=25.7826
13:54:56 DEBUG    [VWAPCalc] 2025-04-17  VWAP=3267.04  SD=25.8466
13:54:56 DEBUG    [VWAPCalc] 2025-04-17  VWAP=3267.37  SD=25.8946
13:55:07 INFO     [DataFeed] DataFeed task cancelled — closing WebSocket …
13:55:07 WARNING  [DataFeed] WebSocket closed: {'code': 200, 'message': 'Connection Closed', 's': 'ok'}
13:55:13 INFO     [Main] Strategy task cancelled.
13:55:13 INFO     [Main] Shutdown complete — bye!
13:55:13 INFO     [Main] KeyboardInterrupt — terminated.
